bandit12@bandit:~$ mktemp -d
/tmp/tmp.tXJKa7KVxR
bandit12@bandit:~$ cd /tmp/tmp.tXJKa7KVxR
bandit12@bandit:/tmp/tmp.tXJKa7KVxR$ cp ~/data.txt
cp: missing destination file operand after '/home/bandit12/data.txt'
Try 'cp --help' for more information.
bandit12@bandit:/tmp/tmp.tXJKa7KVxR$ ls
bandit12@bandit:/tmp/tmp.tXJKa7KVxR$ cd ../
bandit12@bandit:/tmp$ ls
ls: cannot open directory '.': Permission denied
bandit12@bandit:/tmp$ cd ~
bandit12@bandit:~$ ls
data.txt
bandit12@bandit:~$ cd /tmp/tmp.tXJKa7KVxR
bandit12@bandit:/tmp/tmp.tXJKa7KVxR$ cp ~/data.txt .
bandit12@bandit:/tmp/tmp.tXJKa7KVxR$ ls
data.txt
bandit12@bandit:/tmp/tmp.tXJKa7KVxR$ mv data.txt hexdump_data
bandit12@bandit:/tmp/tmp.tXJKa7KVxR$ ls
hexdump_data
bandit12@bandit:/tmp/tmp.tXJKa7KVxR$ cat hexdump_data | head
00000000: 1f8b 0808 6855 1e65 0203 6461 7461 322e  ....hU.e..data2.
00000010: 6269 6e00 013d 02c2 fd42 5a68 3931 4159  bin..=...BZh91AY
00000020: 2653 5948 1b32 0200 0019 ffff faee cff7  &SYH.2..........
00000030: f6ff e4f7 bfbc ffff bff7 ffb9 39ff 7ffb  ............9...
00000040: bd31 eeff b9fb fbbb b9bf f77f b001 3b2c  .1............;,
00000050: d100 0d03 d200 6868 0d00 0069 a00d 0340  ......hh...i...@
00000060: 1a68 00d0 0d01 a1a0 0001 a680 0003 46d4  .h............F.
00000070: 6434 3234 611a 340d 07a4 c351 068f 5000  d424a.4....Q..P.
00000080: 069a 0680 0000 0006 8006 8da4 681a 6868  ............h.hh
00000090: 0d06 8d00 6834 3400 d07a 9a00 01a0 0341  ....h44..z.....A
bandit12@bandit:/tmp/tmp.tXJKa7KVxR$ xxd -r hexdump_data compressed_data
bandit12@bandit:/tmp/tmp.tXJKa7KVxR$ ls
compressed_data  hexdump_data
bandit12@bandit:/tmp/tmp.tXJKa7KVxR$ cat compressed_hata | head
cat: compressed_hata: No such file or directory
bandit12@bandit:/tmp/tmp.tXJKa7KVxR$ cat compressed_data | head
�h44�z��A����@=�h4hh������hd����������������9���1����������;,�
�����2�3d*58�~  �S�ZP^��luY��Br$�FP!%�s��h�?�)[=�h��O(B��2A���)�tZc��:�pã)�A�ˈ�0���΅A�yjeϢx,�(����z�E�+"�2�/�-��e"���^����t�j���$�d�@�dJơ'7\���$��m1c��#>�aԽ�EV��F��OCӐc@M�C���]��Y2^h8���D=��~	O�I��NDpF�+�|b#Jv�#�J��d�LފW$�Û�͖y�`
                                                                           �\&	��[�@*w�M�0θ��nr��C��`e$b�
                         ~�{���
                               ��`�<����a��?e:T���e�T4±b����)
                                                             �@ِ���x=bandit12@bandit:/tmp/tmp.tXJKa7KVxR$ cat hexdump_data
00000000: 1f8b 0808 6855 1e65 0203 6461 7461 322e  ....hU.e..data2.
00000010: 6269 6e00 013d 02c2 fd42 5a68 3931 4159  bin..=...BZh91AY
00000020: 2653 5948 1b32 0200 0019 ffff faee cff7  &SYH.2..........
00000030: f6ff e4f7 bfbc ffff bff7 ffb9 39ff 7ffb  ............9...
00000040: bd31 eeff b9fb fbbb b9bf f77f b001 3b2c  .1............;,
00000050: d100 0d03 d200 6868 0d00 0069 a00d 0340  ......hh...i...@
00000060: 1a68 00d0 0d01 a1a0 0001 a680 0003 46d4  .h............F.
00000070: 6434 3234 611a 340d 07a4 c351 068f 5000  d424a.4....Q..P.
00000080: 069a 0680 0000 0006 8006 8da4 681a 6868  ............h.hh
00000090: 0d06 8d00 6834 3400 d07a 9a00 01a0 0341  ....h44..z.....A
000000a0: ea1e a190 da40 3d10 ca68 3468 6800 00c8  .....@=..h4hh...
000000b0: 1a1a 1b50 0683 d434 d069 a0d0 3100 d000  ...P...4.i..1...
000000c0: 001e a680 00d0 1a00 d0d0 6864 d0c4 d0d0  ..........hd....
000000d0: 000c 8641 7440 0108 032e 86b4 4cf0 22bb  ...At@......L.".
000000e0: 6682 2b7e b3e2 e98d aa74 dacc 0284 330d  f.+~.....t....3.
000000f0: bbb2 9494 d332 d933 642a 3538 d27e 09ce  .....2.3d*58.~..
00000100: 53da 185a 505e aada 6c75 59a2 b342 0572  S..ZP^..luY..B.r
00000110: 249a 4600 5021 25b0 1973 c18a 6881 1bef  $.F.P!%..s..h...
00000120: 3f9b 1429 5b1d 3d87 68b5 804f 1d28 42fa  ?..)[.=.h..O.(B.
00000130: 16c2 3241 98fb 8229 e274 5a63 fe92 3aca  ..2A...).tZc..:.
00000140: 70c3 a329 d21f 41e0 5a10 08cb 888f 30df  p..)..A.Z.....0.
00000150: f3da ce85 418b 0379 6a65 cfa2 eeb7 9f01  ....A..yje......
00000160: 782c da0e 288b e0c3 fe13 7af5 45ab 2b22  x,..(.....z.E.+"
00000170: a432 bf2f e32d b9e6 1465 2296 d805 a45e  .2./.-...e"....^
00000180: d1c1 eacb 7483 6aac ca0e cf24 8864 bd40  ....t.j....$.d.@
00000190: 118c 644a 1dc6 a127 375c b7a6 c124 bdae  ..dJ...'7\...$..
000001a0: 6d31 63a0 a223 3ea0 61d4 bdf0 450f 56fb  m1c..#>.a...E.V.
000001b0: a546 8d34 08a2 4f1d 43d3 9063 404d dd43  .F.4..O.C..c@M.C
000001c0: b4f2 e65d bcb7 5932 0f5e 6802 3892 a988  ...]..Y2.^h.8...
000001d0: 443d 8e89 7e09 4fb0 499d ee4e 4470 46c0  D=..~.O.I..NDpF.
000001e0: 2ba6 7c62 234a 7f76 151b aec0 23ee 4a97  +.|b#J.v....#.J.
000001f0: bc64 e34c de8a 5724 a1c3 9b89 cd96 1879  .d.L..W$.......y
00000200: d560 0cbb 5c26 09e4 efaf 5b94 402a 7780  .`..\&....[.@*w.
00000210: 4d87 30ce b8a3 946e 72c1 a643 1db7 a060  M.0....nr..C...`
00000220: 6524 629c 0c7e 8e7b e0f8 820c d5cb 60a0  e$b..~.{......`.
00000230: 003c a584 d4c1 61ef eb02 3f65 3a54 a3a2  .<....a...?e:T..
00000240: a565 c154 34c2 b162 d206 1ff8 bb92 29c2  .e.T4..b......).
00000250: 8482 40d9 9010 b3a9 e478 3d02 0000       ..@......x=...
bandit12@bandit:/tmp/tmp.tXJKa7KVxR$ ls
compressed_data  hexdump_data
bandit12@bandit:/tmp/tmp.tXJKa7KVxR$ mv compress_data compressed_data.gz
mv: cannot stat 'compress_data': No such file or directory
bandit12@bandit:/tmp/tmp.tXJKa7KVxR$ mv compressed_data compressed_data.gz
bandit12@bandit:/tmp/tmp.tXJKa7KVxR$ ls
compressed_data.gz  hexdump_data
bandit12@bandit:/tmp/tmp.tXJKa7KVxR$ gzip -d compressed_data.gz
bandit12@bandit:/tmp/tmp.tXJKa7KVxR$ ls
compressed_data  hexdump_data
bandit12@bandit:/tmp/tmp.tXJKa7KVxR$ xxd compressed_data
00000000: 425a 6839 3141 5926 5359 481b 3202 0000  BZh91AY&SYH.2...
00000010: 19ff fffa eecf f7f6 ffe4 f7bf bcff ffbf  ................
00000020: f7ff b939 ff7f fbbd 31ee ffb9 fbfb bbb9  ...9....1.......
00000030: bff7 7fb0 013b 2cd1 000d 03d2 0068 680d  .....;,......hh.
00000040: 0000 69a0 0d03 401a 6800 d00d 01a1 a000  ..i...@.h.......
00000050: 01a6 8000 0346 d464 3432 3461 1a34 0d07  .....F.d424a.4..
00000060: a4c3 5106 8f50 0006 9a06 8000 0000 0680  ..Q..P..........
00000070: 068d a468 1a68 680d 068d 0068 3434 00d0  ...h.hh....h44..
00000080: 7a9a 0001 a003 41ea 1ea1 90da 403d 10ca  z.....A.....@=..
00000090: 6834 6868 0000 c81a 1a1b 5006 83d4 34d0  h4hh......P...4.
000000a0: 69a0 d031 00d0 0000 1ea6 8000 d01a 00d0  i..1............
000000b0: d068 64d0 c4d0 d000 0c86 4174 4001 0803  .hd.......At@...
000000c0: 2e86 b44c f022 bb66 822b 7eb3 e2e9 8daa  ...L.".f.+~.....
000000d0: 74da cc02 8433 0dbb b294 94d3 32d9 3364  t....3......2.3d
000000e0: 2a35 38d2 7e09 ce53 da18 5a50 5eaa da6c  *58.~..S..ZP^..l
000000f0: 7559 a2b3 4205 7224 9a46 0050 2125 b019  uY..B.r$.F.P!%..
00000100: 73c1 8a68 811b ef3f 9b14 295b 1d3d 8768  s..h...?..)[.=.h
00000110: b580 4f1d 2842 fa16 c232 4198 fb82 29e2  ..O.(B...2A...).
00000120: 745a 63fe 923a ca70 c3a3 29d2 1f41 e05a  tZc..:.p..)..A.Z
00000130: 1008 cb88 8f30 dff3 dace 8541 8b03 796a  .....0.....A..yj
00000140: 65cf a2ee b79f 0178 2cda 0e28 8be0 c3fe  e......x,..(....
00000150: 137a f545 ab2b 22a4 32bf 2fe3 2db9 e614  .z.E.+".2./.-...
00000160: 6522 96d8 05a4 5ed1 c1ea cb74 836a acca  e"....^....t.j..
00000170: 0ecf 2488 64bd 4011 8c64 4a1d c6a1 2737  ..$.d.@..dJ...'7
00000180: 5cb7 a6c1 24bd ae6d 3163 a0a2 233e a061  \...$..m1c..#>.a
00000190: d4bd f045 0f56 fba5 468d 3408 a24f 1d43  ...E.V..F.4..O.C
000001a0: d390 6340 4ddd 43b4 f2e6 5dbc b759 320f  ..c@M.C...]..Y2.
000001b0: 5e68 0238 92a9 8844 3d8e 897e 094f b049  ^h.8...D=..~.O.I
000001c0: 9dee 4e44 7046 c02b a67c 6223 4a7f 7615  ..NDpF.+.|b#J.v.
000001d0: 1bae c023 ee4a 97bc 64e3 4cde 8a57 24a1  ...#.J..d.L..W$.
000001e0: c39b 89cd 9618 79d5 600c bb5c 2609 e4ef  ......y.`..\&...
000001f0: af5b 9440 2a77 804d 8730 ceb8 a394 6e72  .[.@*w.M.0....nr
00000200: c1a6 431d b7a0 6065 2462 9c0c 7e8e 7be0  ..C...`e$b..~.{.
00000210: f882 0cd5 cb60 a000 3ca5 84d4 c161 efeb  .....`..<....a..
00000220: 023f 653a 54a3 a2a5 65c1 5434 c2b1 62d2  .?e:T...e.T4..b.
00000230: 061f f8bb 9229 c284 8240 d990 10         .....)...@...
bandit12@bandit:/tmp/tmp.tXJKa7KVxR$ ls
compressed_data  hexdump_data
bandit12@bandit:/tmp/tmp.tXJKa7KVxR$ mv compressed_data compressed_data.bz2
bandit12@bandit:/tmp/tmp.tXJKa7KVxR$ ls
compressed_data.bz2  hexdump_data
bandit12@bandit:/tmp/tmp.tXJKa7KVxR$ bzip2 -d compressed_data.bz2
bandit12@bandit:/tmp/tmp.tXJKa7KVxR$ ls
compressed_data  hexdump_data
bandit12@bandit:/tmp/tmp.tXJKa7KVxR$ xxd compressed_data
00000000: 1f8b 0808 6855 1e65 0203 6461 7461 342e  ....hU.e..data4.
00000010: 6269 6e00 edd1 cf4b 1461 1cc7 f187 711d  bin....K.a....q.
00000020: 4410 5c08 7415 65bb b8d0 41e6 1967 d6dd  D.\.t.e...A..g..
00000030: dbee 8298 45b4 9009 5b22 8cec 4153 5c5a  ....E...["..AS\Z
00000040: 574f 91e3 2a9a 4ab0 4607 490c a30d fc0b  WO..*.J.F.I.....
00000050: 4210 b42e 2196 0759 130f a292 dd3c 8881  B...!..Y.....<..
00000060: 9897 6aca 9b81 9df2 07bc 5f97 cf97 e779  ..j......._....y
00000070: 2edf e713 b752 9659 ddda de25 fe1f cde1  .....R.Y...%....
00000080: 378c 3fe9 3891 baf1 7b96 86a9 d51a a66e  7.?.8...{......n
00000090: 9ace b994 ba51 2bbc 9a38 033d dd29 2be9  .....Q+..8.=.)+.
000000a0: f58a 6422 913a eddd bfee 2fa9 b8d3 bfff  ..d".:..../.....
000000b0: 5cfb d7b4 9a1a f957 ffa6 a4ff b310 b9d7  \......W........
000000c0: 1694 e158 d59d 982b efc9 7321 c67e 6e6d  ...X...+..s!.~nm
000000d0: 34db e177 89c3 6db1 ffda eeb5 7e08 5120  4..w..m.....~.Q 
000000e0: 8a15 e703 d22e 3118 29f0 8a67 4537 3cea  ......1.)..gE7<.
000000f0: d569 59da 3f9e c955 bd50 f576 fff4 4ac3  .iY.?..U.P.v..J.
00000100: 51b4 4c57 0756 7321 7528 240c f5fb 66c7  Q.LW.Vs!u($...f.
00000110: bea2 2cd9 a1f4 a427 70eb d16a 930c 2d16  ..,....'p..j..-.
00000120: 57ee 4487 9737 72fa fd07 9ef2 af99 ea6c  W.D..7r........l
00000130: afdb 3722 9f96 75cf ee54 8ab7 8d4a 6343  ..7"..u..T...JcC
00000140: fadb 44d3 f6c8 b599 f07a cbed c297 f9c1  ..D......z......
00000150: 83cf f137 37b3 b9b9 570f ddbe a2d1 2f93  ...77...W...../.
00000160: 53ca f8e2 958a 0f66 7461 6d6f f0fd 47eb  S......ftamo..G.
00000170: d3ae 4fce df6d a977 773e 8e94 5eb7 edbe  ..O..m.ww>..^...
00000180: 9264 5d20 9a39 5e05 0000 0000 0000 0000  .d] .9^.........
00000190: 0000 0000 0000 0000 0000 0000 0000 0000  ................
000001a0: 0000 00b8 707e 0101 4730 aa00 5000 00    ....p~..G0..P..
bandit12@bandit:/tmp/tmp.tXJKa7KVxR$ ls
compressed_data  hexdump_data
bandit12@bandit:/tmp/tmp.tXJKa7KVxR$ mv compressed_data compressed_data.gz
bandit12@bandit:/tmp/tmp.tXJKa7KVxR$ ls
compressed_data.gz  hexdump_data
bandit12@bandit:/tmp/tmp.tXJKa7KVxR$ gzip -d compress.data.gz
gzip: compress.data.gz: No such file or directory
bandit12@bandit:/tmp/tmp.tXJKa7KVxR$ gzip -d compress_data.gz
gzip: compress_data.gz: No such file or directory
bandit12@bandit:/tmp/tmp.tXJKa7KVxR$ gzip -d compressed_data.gz
bandit12@bandit:/tmp/tmp.tXJKa7KVxR$ ls
compressed_data  hexdump_data
bandit12@bandit:/tmp/tmp.tXJKa7KVxR$ cat compressed_data
data5.bin0000644000000000000000000002400014507452550011247 0ustar  rootrootdata6.bin0000644000000000000000000000033114507452550011251 0ustar  rootrootBZh91AY&SYJ!�1����&�2i6��I�P�2���@�@4��k�ʀ@��8M|�V1@��P����2[j.�v'�1��s���TTI��V��*�A�^O
�⛝���5P�����a��'1�U^Gl~BH��rE8P���bandit12@bandit:/tmp/tmp.tXJKa7KVxR$ ls
compressed_data  hexdump_data
bandit12@bandit:/tmp/tmp.tXJKa7KVxR$ mv compressed_data compressed_data.tar
bandit12@bandit:/tmp/tmp.tXJKa7KVxR$ ls
compressed_data.tar  hexdump_data
bandit12@bandit:/tmp/tmp.tXJKa7KVxR$ tar -xf compressed_data.tar
bandit12@bandit:/tmp/tmp.tXJKa7KVxR$ ls
compressed_data.tar  data5.bin  hexdump_data
bandit12@bandit:/tmp/tmp.tXJKa7KVxR$ cd data5.bin
-bash: cd: data5.bin: Not a directory
bandit12@bandit:/tmp/tmp.tXJKa7KVxR$ xxd data5.bin | head
00000000: 6461 7461 362e 6269 6e00 0000 0000 0000  data6.bin.......
00000010: 0000 0000 0000 0000 0000 0000 0000 0000  ................
00000020: 0000 0000 0000 0000 0000 0000 0000 0000  ................
00000030: 0000 0000 0000 0000 0000 0000 0000 0000  ................
00000040: 0000 0000 0000 0000 0000 0000 0000 0000  ................
00000050: 0000 0000 0000 0000 0000 0000 0000 0000  ................
00000060: 0000 0000 3030 3030 3634 3400 3030 3030  ....0000644.0000
00000070: 3030 3000 3030 3030 3030 3000 3030 3030  000.0000000.0000
00000080: 3030 3030 3333 3100 3134 3530 3734 3532  0000331.14507452
00000090: 3535 3000 3031 3132 3531 0020 3000 0000  550.011251. 0...
bandit12@bandit:/tmp/tmp.tXJKa7KVxR$ tar -xf data5.bin
bandit12@bandit:/tmp/tmp.tXJKa7KVxR$ ls
compressed_data.tar  data5.bin  data6.bin  hexdump_data
bandit12@bandit:/tmp/tmp.tXJKa7KVxR$ xxd data6.bin | head
00000000: 425a 6839 3141 5926 5359 0403 8894 0000  BZh91AY&SY......
00000010: 8bff dfdc 5c80 41c0 6ff7 e000 f1a3 8076  ....\.A.o......v
00000020: 61fe 0000 0800 1002 0000 7282 0400 8442  a.........r....B
00000030: 0820 0092 0d4a 1906 21a0 3118 8191 90d3  . ...J..!.1.....
00000040: 269a 0632 6936 a0d1 49f9 501a 3206 83d4  &..2i6..I.P.2...
00000050: d340 0686 4000 3406 f8de 6bf1 0202 ca80  .@..@.4...k.....
00000060: 4082 9b19 384d 7cd4 5631 40c8 101e e350  @...8M|.V1@....P
00000070: 87cd dcd3 325b 6a19 1be4 902e a476 1127  ....2[j......v.'
00000080: 8931 8d1a 73b8 e31e 00b6 5402 5449 82f2  .1..s.....T.TI..
00000090: 9856 e089 2aa8 41d8 5e4f 0a9e 0539 f5d5  .V..*.A.^O...9..
bandit12@bandit:/tmp/tmp.tXJKa7KVxR$ mv bzip2 -d data6.bin
mv: invalid option -- 'd'
Try 'mv --help' for more information.
bandit12@bandit:/tmp/tmp.tXJKa7KVxR$ bzip2 -d data6.bin
bzip2: Can't guess original name for data6.bin -- using data6.bin.out
bandit12@bandit:/tmp/tmp.tXJKa7KVxR$ bzip2 -d data6.bin
bzip2: Can't open input file data6.bin: No such file or directory.
bandit12@bandit:/tmp/tmp.tXJKa7KVxR$ ls
compressed_data.tar  data5.bin  data6.bin.out  hexdump_data
bandit12@bandit:/tmp/tmp.tXJKa7KVxR$ cd data6.bin.out
-bash: cd: data6.bin.out: Not a directory
bandit12@bandit:/tmp/tmp.tXJKa7KVxR$ tar -xf data6.bin.out
bandit12@bandit:/tmp/tmp.tXJKa7KVxR$ ls
compressed_data.tar  data5.bin  data6.bin.out  data8.bin  hexdump_data
bandit12@bandit:/tmp/tmp.tXJKa7KVxR$ xxd data8.bin
00000000: 1f8b 0808 6855 1e65 0203 6461 7461 392e  ....hU.e..data9.
00000010: 6269 6e00 0bc9 4855 2848 2c2e 2ecf 2f4a  bin...HU(H,.../J
00000020: 51c8 2c56 284f 0a4f c971 aa70 cd2c 3271  Q.,V(O.O.q.p.,2q
00000030: 4e74 b5f0 490c c848 2c2d f5cf 372b 280f  Nt..I..H,-..7+(.
00000040: ca2d 7229 e702 00dc ec75 4731 0000 00    .-r).....uG1...
bandit12@bandit:/tmp/tmp.tXJKa7KVxR$ mv data8.bin data8.gz
bandit12@bandit:/tmp/tmp.tXJKa7KVxR$ ls
compressed_data.tar  data5.bin  data6.bin.out  data8.gz  hexdump_data
bandit12@bandit:/tmp/tmp.tXJKa7KVxR$ cat data8
cat: data8: No such file or directory
bandit12@bandit:/tmp/tmp.tXJKa7KVxR$ gzip -d data8.gz
bandit12@bandit:/tmp/tmp.tXJKa7KVxR$ ls
compressed_data.tar  data5.bin  data6.bin.out  data8  hexdump_data
bandit12@bandit:/tmp/tmp.tXJKa7KVxR$ cat data8
The password is wbWdlBxEir4CaE8LaPhauuOo6pwRmrDw
bandit12@bandit:/tmp/tmp.tXJKa7KVxR$
